// Jest Snapshot v1, https://goo.gl/fbAQLP

exports[`regex.sh 1`] = `
====================================options=====================================
parsers: ["bash"]
printWidth: 80
                                                                                | printWidth
=====================================input======================================
#!/bin/bash

[[ "$var" =~ L.c.s..A.z.l* ]] && echo match

=====================================output=====================================
[[ "$var" =~ L.c.s..A.z.l* ]] && echo match
================================================================================
`;
