// Jest Snapshot v1, https://goo.gl/fbAQLP

exports[`basic_for.sh 1`] = `
====================================options=====================================
parsers: ["bash"]
printWidth: 80
                                                                                | printWidth
=====================================input======================================
#!/bin/bash

for f in $files; do
  echo "\${f}"
done

=====================================output=====================================
for f in $files; do
  echo "\${f}"
done

================================================================================
`;
