// Jest Snapshot v1, https://goo.gl/fbAQLP

exports[`herestring.sh 1`] = `
====================================options=====================================
parsers: ["bash"]
printWidth: 80
                                                                                | printWidth
=====================================input======================================
#!/bin/bash

# TODO: Parser bug! (Unexpected 'LESS')
# cat <<<"HERESTRING"
# cat <<<"\${foo}"

exit

=====================================output=====================================
exit
================================================================================
`;
