// Jest Snapshot v1, https://goo.gl/fbAQLP

exports[`boolean.sh 1`] = `
====================================options=====================================
parsers: ["bash"]
printWidth: 80
                                                                                | printWidth
=====================================input======================================
#!/bin/bash

foo && bar

foo && bar || baz

foo || bar || baz

foo && {
  bar
  baz
}

foo || {
  bar
}

=====================================output=====================================
foo && bar
foo && bar || baz
foo || bar || baz
foo \\
  && \\
  bar
  baz
foo || bar
================================================================================
`;
