// Jest Snapshot v1, https://goo.gl/fbAQLP

exports[`expansion.sh 1`] = `
====================================options=====================================
parsers: ["bash"]
printWidth: 80
                                                                                | printWidth
=====================================input======================================
#!/bin/bash

z=$(($z+3))

let z=z+3
let z=z-3
let z=z/3
let z=z*3
let z=z%3
let z=z**3

# TODO: Parser bug (parsed as double subshell)
# (( n += 1 ))

=====================================output=====================================
z=$(($z+3))
let z=z+3
let z=z-3
let z=z/3
let z=z*3
let z=z%3
let z=z**3
================================================================================
`;
