// Jest Snapshot v1, https://goo.gl/fbAQLP

exports[`case.sh 1`] = `
====================================options=====================================
parsers: ["bash"]
printWidth: 80
                                                                                | printWidth
=====================================input======================================
#!/bin/bash

case x in
 foo)
    echo 'foo'
    ;;
  bar)
    echo 'bar'
    ;;
esac

=====================================output=====================================
#!/bin/bash -eu

case x in
  foo)
    echo foo
    ;;
  bar)
    echo bar
    ;;

esac

================================================================================
`;
