// Jest Snapshot v1, https://goo.gl/fbAQLP

exports[`variables.sh 1`] = `
====================================options=====================================
parsers: ["bash"]
printWidth: 80
                                                                                | printWidth
=====================================input======================================
#!/bin/bash

FOO=bar

FOO=$(bar)

FOO=$((1))

declare -r FOO

=====================================output=====================================
FOO=bar
FOO=$(bar)
FOO=$((1))
declare -r FOO
================================================================================
`;
