// Jest Snapshot v1, https://goo.gl/fbAQLP

exports[`subshell.sh 1`] = `
====================================options=====================================
parsers: ["bash"]
printWidth: 80
                                                                                | printWidth
=====================================input======================================
#!/bin/bash

(
  git clone ... somedir
  cd somedir
  git log --oneline
  cd ..
  rm -rf somedir
)

=====================================output=====================================
(
  git clone ... somedir
  cd somedir
  git log --oneline
  cd ..
  rm -rf somedir
)
================================================================================
`;
