// Jest Snapshot v1, https://goo.gl/fbAQLP

exports[`function.sh 1`] = `
====================================options=====================================
parsers: ["bash"]
printWidth: 80
                                                                                | printWidth
=====================================input======================================
#!/bin/bash

foo() {
  echo 'foo'
}

bar() {
  echo 'bar'
}

baz() {
  local x="$1"
  echo "x = $x"
  echo "args = $*"
}

=====================================output=====================================
foo() {
  echo foo
}
bar() {
  echo bar
}
baz() {
  local x="$1"
  echo "x = $x"
  echo "args = $*"
}
================================================================================
`;
